[0.005s] Invoking command in '/home/pa21/seunghye/physicalai-lv1-seunghye/lv1_module2/ros2_ws/build/turtle_cpp': CMAKE_PREFIX_PATH=${CMAKE_PREFIX_PATH}:/home/pa21/seunghye/physicalai-lv1-seunghye/lv1_module2/ros2_ws/install/turtle_py:/home/pa21/turtlebot3_ws/install/turtlebot3_teleop:/home/pa21/turtlebot3_ws/install/turtlebot3_example:/opt/ros/humble /usr/bin/cmake --build /home/pa21/seunghye/physicalai-lv1-seunghye/lv1_module2/ros2_ws/build/turtle_cpp -- -j24 -l24
[0.038s] [35m[1mConsolidate compiler generated dependencies of target turtle_distance_subscriber[0m
[0.038s] [35m[1mConsolidate compiler generated dependencies of target turtle_distance_publisher[0m
[0.045s] [ 50%] Built target turtle_distance_subscriber
[0.046s] [ 75%] [32mBuilding CXX object CMakeFiles/turtle_distance_publisher.dir/src/turtle_distance_publisher.cpp.o[0m
[3.843s] [100%] [32m[1mLinking CXX executable turtle_distance_publisher[0m
[4.065s] [100%] Built target turtle_distance_publisher
[4.071s] Invoked command in '/home/pa21/seunghye/physicalai-lv1-seunghye/lv1_module2/ros2_ws/build/turtle_cpp' returned '0': CMAKE_PREFIX_PATH=${CMAKE_PREFIX_PATH}:/home/pa21/seunghye/physicalai-lv1-seunghye/lv1_module2/ros2_ws/install/turtle_py:/home/pa21/turtlebot3_ws/install/turtlebot3_teleop:/home/pa21/turtlebot3_ws/install/turtlebot3_example:/opt/ros/humble /usr/bin/cmake --build /home/pa21/seunghye/physicalai-lv1-seunghye/lv1_module2/ros2_ws/build/turtle_cpp -- -j24 -l24
[4.077s] Invoking command in '/home/pa21/seunghye/physicalai-lv1-seunghye/lv1_module2/ros2_ws/build/turtle_cpp': CMAKE_PREFIX_PATH=${CMAKE_PREFIX_PATH}:/home/pa21/seunghye/physicalai-lv1-seunghye/lv1_module2/ros2_ws/install/turtle_py:/home/pa21/turtlebot3_ws/install/turtlebot3_teleop:/home/pa21/turtlebot3_ws/install/turtlebot3_example:/opt/ros/humble /usr/bin/cmake --install /home/pa21/seunghye/physicalai-lv1-seunghye/lv1_module2/ros2_ws/build/turtle_cpp
[4.081s] -- Install configuration: ""
[4.081s] -- Installing: /home/pa21/seunghye/physicalai-lv1-seunghye/lv1_module2/ros2_ws/install/turtle_cpp/lib/turtle_cpp/turtle_distance_publisher
[4.082s] -- Set runtime path of "/home/pa21/seunghye/physicalai-lv1-seunghye/lv1_module2/ros2_ws/install/turtle_cpp/lib/turtle_cpp/turtle_distance_publisher" to ""
[4.082s] -- Installing: /home/pa21/seunghye/physicalai-lv1-seunghye/lv1_module2/ros2_ws/install/turtle_cpp/lib/turtle_cpp/turtle_distance_subscriber
[4.084s] -- Set runtime path of "/home/pa21/seunghye/physicalai-lv1-seunghye/lv1_module2/ros2_ws/install/turtle_cpp/lib/turtle_cpp/turtle_distance_subscriber" to ""
[4.084s] -- Installing: /home/pa21/seunghye/physicalai-lv1-seunghye/lv1_module2/ros2_ws/install/turtle_cpp/share/ament_index/resource_index/package_run_dependencies/turtle_cpp
[4.084s] -- Installing: /home/pa21/seunghye/physicalai-lv1-seunghye/lv1_module2/ros2_ws/install/turtle_cpp/share/ament_index/resource_index/parent_prefix_path/turtle_cpp
[4.084s] -- Installing: /home/pa21/seunghye/physicalai-lv1-seunghye/lv1_module2/ros2_ws/install/turtle_cpp/share/turtle_cpp/environment/ament_prefix_path.sh
[4.084s] -- Installing: /home/pa21/seunghye/physicalai-lv1-seunghye/lv1_module2/ros2_ws/install/turtle_cpp/share/turtle_cpp/environment/ament_prefix_path.dsv
[4.085s] -- Installing: /home/pa21/seunghye/physicalai-lv1-seunghye/lv1_module2/ros2_ws/install/turtle_cpp/share/turtle_cpp/environment/path.sh
[4.085s] -- Installing: /home/pa21/seunghye/physicalai-lv1-seunghye/lv1_module2/ros2_ws/install/turtle_cpp/share/turtle_cpp/environment/path.dsv
[4.085s] -- Installing: /home/pa21/seunghye/physicalai-lv1-seunghye/lv1_module2/ros2_ws/install/turtle_cpp/share/turtle_cpp/local_setup.bash
[4.085s] -- Installing: /home/pa21/seunghye/physicalai-lv1-seunghye/lv1_module2/ros2_ws/install/turtle_cpp/share/turtle_cpp/local_setup.sh
[4.085s] -- Installing: /home/pa21/seunghye/physicalai-lv1-seunghye/lv1_module2/ros2_ws/install/turtle_cpp/share/turtle_cpp/local_setup.zsh
[4.085s] -- Installing: /home/pa21/seunghye/physicalai-lv1-seunghye/lv1_module2/ros2_ws/install/turtle_cpp/share/turtle_cpp/local_setup.dsv
[4.085s] -- Installing: /home/pa21/seunghye/physicalai-lv1-seunghye/lv1_module2/ros2_ws/install/turtle_cpp/share/turtle_cpp/package.dsv
[4.085s] -- Installing: /home/pa21/seunghye/physicalai-lv1-seunghye/lv1_module2/ros2_ws/install/turtle_cpp/share/ament_index/resource_index/packages/turtle_cpp
[4.085s] -- Installing: /home/pa21/seunghye/physicalai-lv1-seunghye/lv1_module2/ros2_ws/install/turtle_cpp/share/turtle_cpp/cmake/turtle_cppConfig.cmake
[4.085s] -- Installing: /home/pa21/seunghye/physicalai-lv1-seunghye/lv1_module2/ros2_ws/install/turtle_cpp/share/turtle_cpp/cmake/turtle_cppConfig-version.cmake
[4.085s] -- Installing: /home/pa21/seunghye/physicalai-lv1-seunghye/lv1_module2/ros2_ws/install/turtle_cpp/share/turtle_cpp/package.xml
[4.089s] Invoked command in '/home/pa21/seunghye/physicalai-lv1-seunghye/lv1_module2/ros2_ws/build/turtle_cpp' returned '0': CMAKE_PREFIX_PATH=${CMAKE_PREFIX_PATH}:/home/pa21/seunghye/physicalai-lv1-seunghye/lv1_module2/ros2_ws/install/turtle_py:/home/pa21/turtlebot3_ws/install/turtlebot3_teleop:/home/pa21/turtlebot3_ws/install/turtlebot3_example:/opt/ros/humble /usr/bin/cmake --install /home/pa21/seunghye/physicalai-lv1-seunghye/lv1_module2/ros2_ws/build/turtle_cpp
