-- The C compiler identification is GNU 11.4.0
-- The CXX compiler identification is GNU 11.4.0
-- Detecting C compiler ABI info
-- Detecting C compiler ABI info - done
-- Check for working C compiler: /usr/bin/cc - skipped
-- Detecting C compile features
-- Detecting C compile features - done
-- Detecting CXX compiler ABI info
-- Detecting CXX compiler ABI info - done
-- Check for working CXX compiler: /usr/bin/c++ - skipped
-- Detecting CXX compile features
-- Detecting CXX compile features - done
-- Found ament_cmake: 1.3.14 (/opt/ros/humble/share/ament_cmake/cmake)
-- Found Python3: /usr/bin/python3 (found version "3.10.12") found components: Interpreter 
-- Found rclcpp: 16.0.19 (/opt/ros/humble/share/rclcpp/cmake)
-- Found rosidl_generator_c: 3.1.9 (/opt/ros/humble/share/rosidl_generator_c/cmake)
-- Found rosidl_adapter: 3.1.9 (/opt/ros/humble/share/rosidl_adapter/cmake)
-- Found rosidl_generator_cpp: 3.1.9 (/opt/ros/humble/share/rosidl_generator_cpp/cmake)
-- Using all available rosidl_typesupport_c: rosidl_typesupport_fastrtps_c;rosidl_typesupport_introspection_c
-- Using all available rosidl_typesupport_cpp: rosidl_typesupport_fastrtps_cpp;rosidl_typesupport_introspection_cpp
-- Found rmw_implementation_cmake: 6.1.2 (/opt/ros/humble/share/rmw_implementation_cmake/cmake)
-- Found rmw_fastrtps_cpp: 6.2.10 (/opt/ros/humble/share/rmw_fastrtps_cpp/cmake)
-- Found OpenSSL: /usr/lib/x86_64-linux-gnu/libcrypto.so (found version "3.0.2")  
-- Found FastRTPS: /opt/ros/humble/include  
-- Using RMW implementation 'rmw_fastrtps_cpp' as default
-- Looking for pthread.h
-- Looking for pthread.h - found
-- Performing Test CMAKE_HAVE_LIBC_PTHREAD
-- Performing Test CMAKE_HAVE_LIBC_PTHREAD - Success
-- Found Threads: TRUE  
-- Found turtlesim: 1.4.3 (/opt/ros/humble/share/turtlesim/cmake)
-- Found ament_lint_auto: 0.12.15 (/opt/ros/humble/share/ament_lint_auto/cmake)
-- Added test 'cppcheck' to perform static code analysis on C / C++ code
-- Configured cppcheck include dirs: 
-- Configured cppcheck exclude dirs and/or files: 
-- Added test 'lint_cmake' to check CMake code style
-- Added test 'uncrustify' to check C / C++ code style
-- Configured uncrustify additional arguments: 
-- Added test 'xmllint' to check XML markup files
-- Configuring done
-- Generating done
-- Build files have been written to: /home/pa21/seunghye/physicalai-lv1-seunghye/lv1_module2/ros2_ws/build/turtle_cpp
[ 25%] [32mBuilding CXX object CMakeFiles/turtle_distance_subscriber.dir/src/turtle_distance_subscriber.cpp.o[0m
[ 50%] [32mBuilding CXX object CMakeFiles/turtle_distance_publisher.dir/src/turtle_distance_publisher.cpp.o[0m
[01m[K/home/pa21/seunghye/physicalai-lv1-seunghye/lv1_module2/ros2_ws/src/turtle_cpp/src/turtle_distance_publisher.cpp:86:20:[m[K [01;31m[Kerror: [m[K‘[01m[Kchat[m[K’ has not been declared
   86 | int main(int argc, [01;31m[Kchat[m[K * argv[])
      |                    [01;31m[K^~~~[m[K
[01m[K/home/pa21/seunghye/physicalai-lv1-seunghye/lv1_module2/ros2_ws/src/turtle_cpp/src/turtle_distance_publisher.cpp:86:5:[m[K [01;35m[Kwarning: [m[Ksecond argument of ‘[01m[Kint main(int, int**)[m[K’ should be ‘[01m[Kchar **[m[K’ [[01;35m[K]8;;https://gcc.gnu.org/onlinedocs/gcc/Warning-Options.html#index-Wmain-Wmain]8;;[m[K]
   86 | int [01;35m[Kmain[m[K(int argc, chat * argv[])
      |     [01;35m[K^~~~[m[K
[01m[K/home/pa21/seunghye/physicalai-lv1-seunghye/lv1_module2/ros2_ws/src/turtle_cpp/src/turtle_distance_publisher.cpp:[m[K In function ‘[01m[Kint main(int, int**)[m[K’:
[01m[K/home/pa21/seunghye/physicalai-lv1-seunghye/lv1_module2/ros2_ws/src/turtle_cpp/src/turtle_distance_publisher.cpp:88:24:[m[K [01;31m[Kerror: [m[Kcannot convert ‘[01m[Kint**[m[K’ to ‘[01m[Kconst char* const*[m[K’
   88 |     rclcpp::init(argc, [01;31m[Kargv[m[K); // ROS2 C++ 시스템 초기화
      |                        [01;31m[K^~~~[m[K
      |                        [01;31m[K|[m[K
      |                        [01;31m[Kint**[m[K
In file included from [01m[K/opt/ros/humble/include/rclcpp/rclcpp/logging.hpp:25[m[K,
                 from [01m[K/opt/ros/humble/include/rclcpp/rclcpp/client.hpp:40[m[K,
                 from [01m[K/opt/ros/humble/include/rclcpp/rclcpp/callback_group.hpp:24[m[K,
                 from [01m[K/opt/ros/humble/include/rclcpp/rclcpp/any_executable.hpp:20[m[K,
                 from [01m[K/opt/ros/humble/include/rclcpp/rclcpp/memory_strategy.hpp:25[m[K,
                 from [01m[K/opt/ros/humble/include/rclcpp/rclcpp/memory_strategies.hpp:18[m[K,
                 from [01m[K/opt/ros/humble/include/rclcpp/rclcpp/executor_options.hpp:20[m[K,
                 from [01m[K/opt/ros/humble/include/rclcpp/rclcpp/executor.hpp:37[m[K,
                 from [01m[K/opt/ros/humble/include/rclcpp/rclcpp/executors/multi_threaded_executor.hpp:25[m[K,
                 from [01m[K/opt/ros/humble/include/rclcpp/rclcpp/executors.hpp:21[m[K,
                 from [01m[K/opt/ros/humble/include/rclcpp/rclcpp/rclcpp.hpp:155[m[K,
                 from [01m[K/home/pa21/seunghye/physicalai-lv1-seunghye/lv1_module2/ros2_ws/src/turtle_cpp/src/turtle_distance_publisher.cpp:3[m[K:
[01m[K/opt/ros/humble/include/rclcpp/rclcpp/utilities.hpp:77:24:[m[K [01;36m[Knote: [m[K  initializing argument 2 of ‘[01m[Kvoid rclcpp::init(int, const char* const*, const rclcpp::InitOptions&, rclcpp::SignalHandlerOptions)[m[K’
   77 |   [01;36m[Kchar const * const * argv[m[K,
      |   [01;36m[K~~~~~~~~~~~~~~~~~~~~~^~~~[m[K
[01m[K/home/pa21/seunghye/physicalai-lv1-seunghye/lv1_module2/ros2_ws/src/turtle_cpp/src/turtle_distance_subscriber.cpp:[m[K In function ‘[01m[Kint main(int, char**)[m[K’:
[01m[K/home/pa21/seunghye/physicalai-lv1-seunghye/lv1_module2/ros2_ws/src/turtle_cpp/src/turtle_distance_subscriber.cpp:39:11:[m[K [01;31m[Kerror: [m[Kexpected primary-expression before ‘[01m[K.[m[K’ token
   39 |     rclcpp[01;31m[K.[m[Kinit(argc,argv);// ROS2 C++ 시스템 초기화
      |           [01;31m[K^[m[K
gmake[2]: *** [CMakeFiles/turtle_distance_subscriber.dir/build.make:76: CMakeFiles/turtle_distance_subscriber.dir/src/turtle_distance_subscriber.cpp.o] 오류 1
gmake[1]: *** [CMakeFiles/Makefile2:165: CMakeFiles/turtle_distance_subscriber.dir/all] 오류 2
gmake[1]: *** 끝나지 않은 작업을 기다리고 있습니다....
gmake[2]: *** [CMakeFiles/turtle_distance_publisher.dir/build.make:76: CMakeFiles/turtle_distance_publisher.dir/src/turtle_distance_publisher.cpp.o] 오류 1
gmake[1]: *** [CMakeFiles/Makefile2:139: CMakeFiles/turtle_distance_publisher.dir/all] 오류 2
gmake: *** [Makefile:146: all] 오류 2
