[0.008s] Invoking command in '/home/pa21/seunghye/physicalai-lv1-seunghye/lv1_module2/ros2_ws/build/turtle_cpp': CMAKE_PREFIX_PATH=${CMAKE_PREFIX_PATH}:/home/pa21/seunghye/physicalai-lv1-seunghye/lv1_module2/ros2_ws/install/turtle_py:/home/pa21/turtlebot3_ws/install/turtlebot3_teleop:/home/pa21/turtlebot3_ws/install/turtlebot3_example:/opt/ros/humble /usr/bin/cmake /home/pa21/seunghye/physicalai-lv1-seunghye/lv1_module2/ros2_ws/src/turtle_cpp -DCMAKE_INSTALL_PREFIX=/home/pa21/seunghye/physicalai-lv1-seunghye/lv1_module2/ros2_ws/install/turtle_cpp
[0.093s] -- The C compiler identification is GNU 11.4.0
[0.152s] -- The CXX compiler identification is GNU 11.4.0
[0.159s] -- Detecting C compiler ABI info
[0.212s] -- Detecting C compiler ABI info - done
[0.213s] -- Check for working C compiler: /usr/bin/cc - skipped
[0.267s] -- Detecting C compile features
[0.268s] -- Detecting C compile features - done
[0.270s] -- Detecting CXX compiler ABI info
[0.332s] -- Detecting CXX compiler ABI info - done
[0.335s] -- Check for working CXX compiler: /usr/bin/c++ - skipped
[0.335s] -- Detecting CXX compile features
[0.335s] -- Detecting CXX compile features - done
[0.382s] -- Found ament_cmake: 1.3.14 (/opt/ros/humble/share/ament_cmake/cmake)
[0.470s] -- Found Python3: /usr/bin/python3 (found version "3.10.12") found components: Interpreter 
[0.532s] -- Found rclcpp: 16.0.19 (/opt/ros/humble/share/rclcpp/cmake)
[0.566s] -- Found rosidl_generator_c: 3.1.9 (/opt/ros/humble/share/rosidl_generator_c/cmake)
[0.570s] -- Found rosidl_adapter: 3.1.9 (/opt/ros/humble/share/rosidl_adapter/cmake)
[0.577s] -- Found rosidl_generator_cpp: 3.1.9 (/opt/ros/humble/share/rosidl_generator_cpp/cmake)
[0.586s] -- Using all available rosidl_typesupport_c: rosidl_typesupport_fastrtps_c;rosidl_typesupport_introspection_c
[0.598s] -- Using all available rosidl_typesupport_cpp: rosidl_typesupport_fastrtps_cpp;rosidl_typesupport_introspection_cpp
[0.639s] -- Found rmw_implementation_cmake: 6.1.2 (/opt/ros/humble/share/rmw_implementation_cmake/cmake)
[0.641s] -- Found rmw_fastrtps_cpp: 6.2.10 (/opt/ros/humble/share/rmw_fastrtps_cpp/cmake)
[0.718s] -- Found OpenSSL: /usr/lib/x86_64-linux-gnu/libcrypto.so (found version "3.0.2")  
[0.735s] -- Found FastRTPS: /opt/ros/humble/include  
[0.764s] -- Using RMW implementation 'rmw_fastrtps_cpp' as default
[0.774s] -- Looking for pthread.h
[0.823s] -- Looking for pthread.h - found
[0.823s] -- Performing Test CMAKE_HAVE_LIBC_PTHREAD
[0.910s] -- Performing Test CMAKE_HAVE_LIBC_PTHREAD - Success
[0.911s] -- Found Threads: TRUE  
[1.024s] -- Found turtlesim: 1.4.3 (/opt/ros/humble/share/turtlesim/cmake)
[1.066s] -- Found ament_lint_auto: 0.12.15 (/opt/ros/humble/share/ament_lint_auto/cmake)
[1.136s] -- Added test 'cppcheck' to perform static code analysis on C / C++ code
[1.137s] -- Configured cppcheck include dirs: 
[1.137s] -- Configured cppcheck exclude dirs and/or files: 
[1.137s] -- Added test 'lint_cmake' to check CMake code style
[1.138s] -- Added test 'uncrustify' to check C / C++ code style
[1.138s] -- Configured uncrustify additional arguments: 
[1.138s] -- Added test 'xmllint' to check XML markup files
[1.139s] -- Configuring done
[1.144s] -- Generating done
[1.151s] -- Build files have been written to: /home/pa21/seunghye/physicalai-lv1-seunghye/lv1_module2/ros2_ws/build/turtle_cpp
[1.158s] Invoked command in '/home/pa21/seunghye/physicalai-lv1-seunghye/lv1_module2/ros2_ws/build/turtle_cpp' returned '0': CMAKE_PREFIX_PATH=${CMAKE_PREFIX_PATH}:/home/pa21/seunghye/physicalai-lv1-seunghye/lv1_module2/ros2_ws/install/turtle_py:/home/pa21/turtlebot3_ws/install/turtlebot3_teleop:/home/pa21/turtlebot3_ws/install/turtlebot3_example:/opt/ros/humble /usr/bin/cmake /home/pa21/seunghye/physicalai-lv1-seunghye/lv1_module2/ros2_ws/src/turtle_cpp -DCMAKE_INSTALL_PREFIX=/home/pa21/seunghye/physicalai-lv1-seunghye/lv1_module2/ros2_ws/install/turtle_cpp
[1.159s] Invoking command in '/home/pa21/seunghye/physicalai-lv1-seunghye/lv1_module2/ros2_ws/build/turtle_cpp': CMAKE_PREFIX_PATH=${CMAKE_PREFIX_PATH}:/home/pa21/seunghye/physicalai-lv1-seunghye/lv1_module2/ros2_ws/install/turtle_py:/home/pa21/turtlebot3_ws/install/turtlebot3_teleop:/home/pa21/turtlebot3_ws/install/turtlebot3_example:/opt/ros/humble /usr/bin/cmake --build /home/pa21/seunghye/physicalai-lv1-seunghye/lv1_module2/ros2_ws/build/turtle_cpp -- -j24 -l24
[1.192s] [ 25%] [32mBuilding CXX object CMakeFiles/turtle_distance_subscriber.dir/src/turtle_distance_subscriber.cpp.o[0m
[1.193s] [ 50%] [32mBuilding CXX object CMakeFiles/turtle_distance_publisher.dir/src/turtle_distance_publisher.cpp.o[0m
[2.446s] [01m[K/home/pa21/seunghye/physicalai-lv1-seunghye/lv1_module2/ros2_ws/src/turtle_cpp/src/turtle_distance_publisher.cpp:86:20:[m[K [01;31m[Kerror: [m[K‘[01m[Kchat[m[K’ has not been declared
[2.446s]    86 | int main(int argc, [01;31m[Kchat[m[K * argv[])
[2.446s]       |                    [01;31m[K^~~~[m[K
[2.453s] [01m[K/home/pa21/seunghye/physicalai-lv1-seunghye/lv1_module2/ros2_ws/src/turtle_cpp/src/turtle_distance_publisher.cpp:86:5:[m[K [01;35m[Kwarning: [m[Ksecond argument of ‘[01m[Kint main(int, int**)[m[K’ should be ‘[01m[Kchar **[m[K’ [[01;35m[K]8;;https://gcc.gnu.org/onlinedocs/gcc/Warning-Options.html#index-Wmain-Wmain]8;;[m[K]
[2.453s]    86 | int [01;35m[Kmain[m[K(int argc, chat * argv[])
[2.453s]       |     [01;35m[K^~~~[m[K
[2.453s] [01m[K/home/pa21/seunghye/physicalai-lv1-seunghye/lv1_module2/ros2_ws/src/turtle_cpp/src/turtle_distance_publisher.cpp:[m[K In function ‘[01m[Kint main(int, int**)[m[K’:
[2.453s] [01m[K/home/pa21/seunghye/physicalai-lv1-seunghye/lv1_module2/ros2_ws/src/turtle_cpp/src/turtle_distance_publisher.cpp:88:24:[m[K [01;31m[Kerror: [m[Kcannot convert ‘[01m[Kint**[m[K’ to ‘[01m[Kconst char* const*[m[K’
[2.453s]    88 |     rclcpp::init(argc, [01;31m[Kargv[m[K); // ROS2 C++ 시스템 초기화
[2.453s]       |                        [01;31m[K^~~~[m[K
[2.453s]       |                        [01;31m[K|[m[K
[2.453s]       |                        [01;31m[Kint**[m[K
[2.453s] In file included from [01m[K/opt/ros/humble/include/rclcpp/rclcpp/logging.hpp:25[m[K,
[2.453s]                  from [01m[K/opt/ros/humble/include/rclcpp/rclcpp/client.hpp:40[m[K,
[2.453s]                  from [01m[K/opt/ros/humble/include/rclcpp/rclcpp/callback_group.hpp:24[m[K,
[2.453s]                  from [01m[K/opt/ros/humble/include/rclcpp/rclcpp/any_executable.hpp:20[m[K,
[2.453s]                  from [01m[K/opt/ros/humble/include/rclcpp/rclcpp/memory_strategy.hpp:25[m[K,
[2.453s]                  from [01m[K/opt/ros/humble/include/rclcpp/rclcpp/memory_strategies.hpp:18[m[K,
[2.453s]                  from [01m[K/opt/ros/humble/include/rclcpp/rclcpp/executor_options.hpp:20[m[K,
[2.453s]                  from [01m[K/opt/ros/humble/include/rclcpp/rclcpp/executor.hpp:37[m[K,
[2.453s]                  from [01m[K/opt/ros/humble/include/rclcpp/rclcpp/executors/multi_threaded_executor.hpp:25[m[K,
[2.453s]                  from [01m[K/opt/ros/humble/include/rclcpp/rclcpp/executors.hpp:21[m[K,
[2.453s]                  from [01m[K/opt/ros/humble/include/rclcpp/rclcpp/rclcpp.hpp:155[m[K,
[2.453s]                  from [01m[K/home/pa21/seunghye/physicalai-lv1-seunghye/lv1_module2/ros2_ws/src/turtle_cpp/src/turtle_distance_publisher.cpp:3[m[K:
[2.453s] [01m[K/opt/ros/humble/include/rclcpp/rclcpp/utilities.hpp:77:24:[m[K [01;36m[Knote: [m[K  initializing argument 2 of ‘[01m[Kvoid rclcpp::init(int, const char* const*, const rclcpp::InitOptions&, rclcpp::SignalHandlerOptions)[m[K’
[2.453s]    77 |   [01;36m[Kchar const * const * argv[m[K,
[2.453s]       |   [01;36m[K~~~~~~~~~~~~~~~~~~~~~^~~~[m[K
[2.465s] [01m[K/home/pa21/seunghye/physicalai-lv1-seunghye/lv1_module2/ros2_ws/src/turtle_cpp/src/turtle_distance_subscriber.cpp:[m[K In function ‘[01m[Kint main(int, char**)[m[K’:
[2.465s] [01m[K/home/pa21/seunghye/physicalai-lv1-seunghye/lv1_module2/ros2_ws/src/turtle_cpp/src/turtle_distance_subscriber.cpp:39:11:[m[K [01;31m[Kerror: [m[Kexpected primary-expression before ‘[01m[K.[m[K’ token
[2.465s]    39 |     rclcpp[01;31m[K.[m[Kinit(argc,argv);// ROS2 C++ 시스템 초기화
[2.465s]       |           [01;31m[K^[m[K
[3.722s] gmake[2]: *** [CMakeFiles/turtle_distance_subscriber.dir/build.make:76: CMakeFiles/turtle_distance_subscriber.dir/src/turtle_distance_subscriber.cpp.o] 오류 1
[3.722s] gmake[1]: *** [CMakeFiles/Makefile2:165: CMakeFiles/turtle_distance_subscriber.dir/all] 오류 2
[3.722s] gmake[1]: *** 끝나지 않은 작업을 기다리고 있습니다....
[3.781s] gmake[2]: *** [CMakeFiles/turtle_distance_publisher.dir/build.make:76: CMakeFiles/turtle_distance_publisher.dir/src/turtle_distance_publisher.cpp.o] 오류 1
[3.781s] gmake[1]: *** [CMakeFiles/Makefile2:139: CMakeFiles/turtle_distance_publisher.dir/all] 오류 2
[3.782s] gmake: *** [Makefile:146: all] 오류 2
[3.783s] Invoked command in '/home/pa21/seunghye/physicalai-lv1-seunghye/lv1_module2/ros2_ws/build/turtle_cpp' returned '2': CMAKE_PREFIX_PATH=${CMAKE_PREFIX_PATH}:/home/pa21/seunghye/physicalai-lv1-seunghye/lv1_module2/ros2_ws/install/turtle_py:/home/pa21/turtlebot3_ws/install/turtlebot3_teleop:/home/pa21/turtlebot3_ws/install/turtlebot3_example:/opt/ros/humble /usr/bin/cmake --build /home/pa21/seunghye/physicalai-lv1-seunghye/lv1_module2/ros2_ws/build/turtle_cpp -- -j24 -l24
