[0.523s] Invoking command in '/home/pa21/seunghye/physicalai-lv1-seunghye/lv1_module2/ros2_ws/src/turtle_py': PYTHONPATH=/home/pa21/seunghye/physicalai-lv1-seunghye/lv1_module2/build/turtle_py/prefix_override:/usr/lib/python3/dist-packages/colcon_core/task/python/colcon_distutils_commands:/home/pa21/seunghye/physicalai-lv1-seunghye/lv1_module2/install/turtle_py/lib/python3.10/site-packages:${PYTHONPATH} /usr/bin/python3 -W ignore:setup.py install is deprecated -W ignore:easy_install command is deprecated setup.py egg_info --egg-base ../../../build/turtle_py build --build-base /home/pa21/seunghye/physicalai-lv1-seunghye/lv1_module2/build/turtle_py/build install --record /home/pa21/seunghye/physicalai-lv1-seunghye/lv1_module2/build/turtle_py/install.log --install-scripts $base/lib/turtle_py --single-version-externally-managed install_data
[0.724s] running egg_info
[0.724s] writing ../../../build/turtle_py/turtle_py.egg-info/PKG-INFO
[0.724s] writing dependency_links to ../../../build/turtle_py/turtle_py.egg-info/dependency_links.txt
[0.725s] writing entry points to ../../../build/turtle_py/turtle_py.egg-info/entry_points.txt
[0.726s] writing requirements to ../../../build/turtle_py/turtle_py.egg-info/requires.txt
[0.726s] writing top-level names to ../../../build/turtle_py/turtle_py.egg-info/top_level.txt
[0.726s] reading manifest file '../../../build/turtle_py/turtle_py.egg-info/SOURCES.txt'
[0.726s] writing manifest file '../../../build/turtle_py/turtle_py.egg-info/SOURCES.txt'
[0.726s] running build
[0.727s] running build_py
[0.727s] copying turtle_py/square_driver.py -> /home/pa21/seunghye/physicalai-lv1-seunghye/lv1_module2/build/turtle_py/build/lib/turtle_py
[0.727s] running install
[0.728s] running install_lib
[0.729s] copying /home/pa21/seunghye/physicalai-lv1-seunghye/lv1_module2/build/turtle_py/build/lib/turtle_py/square_driver.py -> /home/pa21/seunghye/physicalai-lv1-seunghye/lv1_module2/install/turtle_py/lib/python3.10/site-packages/turtle_py
[0.729s] byte-compiling /home/pa21/seunghye/physicalai-lv1-seunghye/lv1_module2/install/turtle_py/lib/python3.10/site-packages/turtle_py/square_driver.py to square_driver.cpython-310.pyc
[0.729s] running install_data
[0.729s] running install_egg_info
[0.730s] removing '/home/pa21/seunghye/physicalai-lv1-seunghye/lv1_module2/install/turtle_py/lib/python3.10/site-packages/turtle_py-0.0.0-py3.10.egg-info' (and everything under it)
[0.731s] Copying ../../../build/turtle_py/turtle_py.egg-info to /home/pa21/seunghye/physicalai-lv1-seunghye/lv1_module2/install/turtle_py/lib/python3.10/site-packages/turtle_py-0.0.0-py3.10.egg-info
[0.731s] running install_scripts
[0.750s] Installing distance_pub script to /home/pa21/seunghye/physicalai-lv1-seunghye/lv1_module2/install/turtle_py/lib/turtle_py
[0.750s] Installing distance_sub script to /home/pa21/seunghye/physicalai-lv1-seunghye/lv1_module2/install/turtle_py/lib/turtle_py
[0.750s] Installing square_driver script to /home/pa21/seunghye/physicalai-lv1-seunghye/lv1_module2/install/turtle_py/lib/turtle_py
[0.750s] writing list of installed files to '/home/pa21/seunghye/physicalai-lv1-seunghye/lv1_module2/build/turtle_py/install.log'
[0.772s] Invoked command in '/home/pa21/seunghye/physicalai-lv1-seunghye/lv1_module2/ros2_ws/src/turtle_py' returned '0': PYTHONPATH=/home/pa21/seunghye/physicalai-lv1-seunghye/lv1_module2/build/turtle_py/prefix_override:/usr/lib/python3/dist-packages/colcon_core/task/python/colcon_distutils_commands:/home/pa21/seunghye/physicalai-lv1-seunghye/lv1_module2/install/turtle_py/lib/python3.10/site-packages:${PYTHONPATH} /usr/bin/python3 -W ignore:setup.py install is deprecated -W ignore:easy_install command is deprecated setup.py egg_info --egg-base ../../../build/turtle_py build --build-base /home/pa21/seunghye/physicalai-lv1-seunghye/lv1_module2/build/turtle_py/build install --record /home/pa21/seunghye/physicalai-lv1-seunghye/lv1_module2/build/turtle_py/install.log --install-scripts $base/lib/turtle_py --single-version-externally-managed install_data
