[0.280s] Invoking command in '/home/pa21/seunghye/physicalai-lv1-seunghye/lv1_module2/ros2_ws/src/turtle_py': PYTHONPATH=/home/pa21/seunghye/physicalai-lv1-seunghye/lv1_module2/ros2_ws/build/turtle_py/prefix_override:/usr/lib/python3/dist-packages/colcon_core/task/python/colcon_distutils_commands:/home/pa21/seunghye/physicalai-lv1-seunghye/lv1_module2/ros2_ws/install/turtle_py/lib/python3.10/site-packages:${PYTHONPATH} /usr/bin/python3 -W ignore:setup.py install is deprecated -W ignore:easy_install command is deprecated setup.py egg_info --egg-base ../../build/turtle_py build --build-base /home/pa21/seunghye/physicalai-lv1-seunghye/lv1_module2/ros2_ws/build/turtle_py/build install --record /home/pa21/seunghye/physicalai-lv1-seunghye/lv1_module2/ros2_ws/build/turtle_py/install.log --install-scripts $base/lib/turtle_py --single-version-externally-managed install_data
[0.380s] running egg_info
[0.380s] writing ../../build/turtle_py/turtle_py.egg-info/PKG-INFO
[0.380s] writing dependency_links to ../../build/turtle_py/turtle_py.egg-info/dependency_links.txt
[0.380s] writing entry points to ../../build/turtle_py/turtle_py.egg-info/entry_points.txt
[0.380s] writing requirements to ../../build/turtle_py/turtle_py.egg-info/requires.txt
[0.380s] writing top-level names to ../../build/turtle_py/turtle_py.egg-info/top_level.txt
[0.381s] reading manifest file '../../build/turtle_py/turtle_py.egg-info/SOURCES.txt'
[0.381s] writing manifest file '../../build/turtle_py/turtle_py.egg-info/SOURCES.txt'
[0.381s] running build
[0.381s] running build_py
[0.381s] running install
[0.381s] running install_lib
[0.382s] running install_data
[0.382s] copying resource/turtle_py -> /home/pa21/seunghye/physicalai-lv1-seunghye/lv1_module2/ros2_ws/install/turtle_py/share/ament_index/resource_index/packages
[0.382s] running install_egg_info
[0.383s] removing '/home/pa21/seunghye/physicalai-lv1-seunghye/lv1_module2/ros2_ws/install/turtle_py/lib/python3.10/site-packages/turtle_py-0.0.0-py3.10.egg-info' (and everything under it)
[0.383s] Copying ../../build/turtle_py/turtle_py.egg-info to /home/pa21/seunghye/physicalai-lv1-seunghye/lv1_module2/ros2_ws/install/turtle_py/lib/python3.10/site-packages/turtle_py-0.0.0-py3.10.egg-info
[0.383s] running install_scripts
[0.392s] Installing distance_pub script to /home/pa21/seunghye/physicalai-lv1-seunghye/lv1_module2/ros2_ws/install/turtle_py/lib/turtle_py
[0.392s] Installing distance_sub script to /home/pa21/seunghye/physicalai-lv1-seunghye/lv1_module2/ros2_ws/install/turtle_py/lib/turtle_py
[0.392s] Installing square_driver script to /home/pa21/seunghye/physicalai-lv1-seunghye/lv1_module2/ros2_ws/install/turtle_py/lib/turtle_py
[0.392s] writing list of installed files to '/home/pa21/seunghye/physicalai-lv1-seunghye/lv1_module2/ros2_ws/build/turtle_py/install.log'
[0.402s] Invoked command in '/home/pa21/seunghye/physicalai-lv1-seunghye/lv1_module2/ros2_ws/src/turtle_py' returned '0': PYTHONPATH=/home/pa21/seunghye/physicalai-lv1-seunghye/lv1_module2/ros2_ws/build/turtle_py/prefix_override:/usr/lib/python3/dist-packages/colcon_core/task/python/colcon_distutils_commands:/home/pa21/seunghye/physicalai-lv1-seunghye/lv1_module2/ros2_ws/install/turtle_py/lib/python3.10/site-packages:${PYTHONPATH} /usr/bin/python3 -W ignore:setup.py install is deprecated -W ignore:easy_install command is deprecated setup.py egg_info --egg-base ../../build/turtle_py build --build-base /home/pa21/seunghye/physicalai-lv1-seunghye/lv1_module2/ros2_ws/build/turtle_py/build install --record /home/pa21/seunghye/physicalai-lv1-seunghye/lv1_module2/ros2_ws/build/turtle_py/install.log --install-scripts $base/lib/turtle_py --single-version-externally-managed install_data
