[0.298s] Invoking command in '/home/pa21/seunghye/physicalai-lv1-seunghye/lv1_module2/ros2_ws/build/turtle_py': PYTHONPATH=/home/pa21/seunghye/physicalai-lv1-seunghye/lv1_module2/ros2_ws/build/turtle_py/prefix_override:/usr/lib/python3/dist-packages/colcon_core/task/python/colcon_distutils_commands:/home/pa21/seunghye/physicalai-lv1-seunghye/lv1_module2/ros2_ws/install/turtle_py/lib/python3.10/site-packages:${PYTHONPATH} /usr/bin/python3 -W ignore:setup.py install is deprecated -W ignore:easy_install command is deprecated setup.py develop --uninstall --editable --build-directory /home/pa21/seunghye/physicalai-lv1-seunghye/lv1_module2/ros2_ws/build/turtle_py/build
[0.416s] running develop
[0.493s] Removing /home/pa21/seunghye/physicalai-lv1-seunghye/lv1_module2/ros2_ws/install/turtle_py/lib/python3.10/site-packages/turtle-py.egg-link (link to .)
[0.505s] Invoked command in '/home/pa21/seunghye/physicalai-lv1-seunghye/lv1_module2/ros2_ws/build/turtle_py' returned '0': PYTHONPATH=/home/pa21/seunghye/physicalai-lv1-seunghye/lv1_module2/ros2_ws/build/turtle_py/prefix_override:/usr/lib/python3/dist-packages/colcon_core/task/python/colcon_distutils_commands:/home/pa21/seunghye/physicalai-lv1-seunghye/lv1_module2/ros2_ws/install/turtle_py/lib/python3.10/site-packages:${PYTHONPATH} /usr/bin/python3 -W ignore:setup.py install is deprecated -W ignore:easy_install command is deprecated setup.py develop --uninstall --editable --build-directory /home/pa21/seunghye/physicalai-lv1-seunghye/lv1_module2/ros2_ws/build/turtle_py/build
[0.506s] Invoking command in '/home/pa21/seunghye/physicalai-lv1-seunghye/lv1_module2/ros2_ws/src/turtle_py': PYTHONPATH=/home/pa21/seunghye/physicalai-lv1-seunghye/lv1_module2/ros2_ws/build/turtle_py/prefix_override:/usr/lib/python3/dist-packages/colcon_core/task/python/colcon_distutils_commands:/home/pa21/seunghye/physicalai-lv1-seunghye/lv1_module2/ros2_ws/install/turtle_py/lib/python3.10/site-packages:${PYTHONPATH} /usr/bin/python3 -W ignore:setup.py install is deprecated -W ignore:easy_install command is deprecated setup.py egg_info --egg-base ../../build/turtle_py build --build-base /home/pa21/seunghye/physicalai-lv1-seunghye/lv1_module2/ros2_ws/build/turtle_py/build install --record /home/pa21/seunghye/physicalai-lv1-seunghye/lv1_module2/ros2_ws/build/turtle_py/install.log --install-scripts $base/lib/turtle_py --single-version-externally-managed install_data --force
[0.606s] running egg_info
[0.606s] writing ../../build/turtle_py/turtle_py.egg-info/PKG-INFO
[0.606s] writing dependency_links to ../../build/turtle_py/turtle_py.egg-info/dependency_links.txt
[0.606s] writing entry points to ../../build/turtle_py/turtle_py.egg-info/entry_points.txt
[0.606s] writing requirements to ../../build/turtle_py/turtle_py.egg-info/requires.txt
[0.606s] writing top-level names to ../../build/turtle_py/turtle_py.egg-info/top_level.txt
[0.607s] reading manifest file '../../build/turtle_py/turtle_py.egg-info/SOURCES.txt'
[0.611s] writing manifest file '../../build/turtle_py/turtle_py.egg-info/SOURCES.txt'
[0.611s] running build
[0.611s] running build_py
[0.611s] copying turtle_py/distance_publisher.py -> /home/pa21/seunghye/physicalai-lv1-seunghye/lv1_module2/ros2_ws/build/turtle_py/build/lib/turtle_py
[0.611s] copying turtle_py/distance_monitor.py -> /home/pa21/seunghye/physicalai-lv1-seunghye/lv1_module2/ros2_ws/build/turtle_py/build/lib/turtle_py
[0.611s] copying turtle_py/square_driver.py -> /home/pa21/seunghye/physicalai-lv1-seunghye/lv1_module2/ros2_ws/build/turtle_py/build/lib/turtle_py
[0.611s] running install
[0.611s] running install_lib
[0.612s] creating /home/pa21/seunghye/physicalai-lv1-seunghye/lv1_module2/ros2_ws/install/turtle_py/lib/python3.10/site-packages/turtle_py
[0.612s] copying /home/pa21/seunghye/physicalai-lv1-seunghye/lv1_module2/ros2_ws/build/turtle_py/build/lib/turtle_py/__init__.py -> /home/pa21/seunghye/physicalai-lv1-seunghye/lv1_module2/ros2_ws/install/turtle_py/lib/python3.10/site-packages/turtle_py
[0.612s] copying /home/pa21/seunghye/physicalai-lv1-seunghye/lv1_module2/ros2_ws/build/turtle_py/build/lib/turtle_py/distance_publisher.py -> /home/pa21/seunghye/physicalai-lv1-seunghye/lv1_module2/ros2_ws/install/turtle_py/lib/python3.10/site-packages/turtle_py
[0.612s] copying /home/pa21/seunghye/physicalai-lv1-seunghye/lv1_module2/ros2_ws/build/turtle_py/build/lib/turtle_py/distance_monitor.py -> /home/pa21/seunghye/physicalai-lv1-seunghye/lv1_module2/ros2_ws/install/turtle_py/lib/python3.10/site-packages/turtle_py
[0.612s] copying /home/pa21/seunghye/physicalai-lv1-seunghye/lv1_module2/ros2_ws/build/turtle_py/build/lib/turtle_py/square_driver.py -> /home/pa21/seunghye/physicalai-lv1-seunghye/lv1_module2/ros2_ws/install/turtle_py/lib/python3.10/site-packages/turtle_py
[0.612s] byte-compiling /home/pa21/seunghye/physicalai-lv1-seunghye/lv1_module2/ros2_ws/install/turtle_py/lib/python3.10/site-packages/turtle_py/__init__.py to __init__.cpython-310.pyc
[0.612s] byte-compiling /home/pa21/seunghye/physicalai-lv1-seunghye/lv1_module2/ros2_ws/install/turtle_py/lib/python3.10/site-packages/turtle_py/distance_publisher.py to distance_publisher.cpython-310.pyc
[0.612s] byte-compiling /home/pa21/seunghye/physicalai-lv1-seunghye/lv1_module2/ros2_ws/install/turtle_py/lib/python3.10/site-packages/turtle_py/distance_monitor.py to distance_monitor.cpython-310.pyc
[0.612s] byte-compiling /home/pa21/seunghye/physicalai-lv1-seunghye/lv1_module2/ros2_ws/install/turtle_py/lib/python3.10/site-packages/turtle_py/square_driver.py to square_driver.cpython-310.pyc
[0.612s] running install_data
[0.612s] copying resource/turtle_py -> /home/pa21/seunghye/physicalai-lv1-seunghye/lv1_module2/ros2_ws/install/turtle_py/share/ament_index/resource_index/packages
[0.612s] copying package.xml -> /home/pa21/seunghye/physicalai-lv1-seunghye/lv1_module2/ros2_ws/install/turtle_py/share/turtle_py
[0.612s] running install_egg_info
[0.613s] Copying ../../build/turtle_py/turtle_py.egg-info to /home/pa21/seunghye/physicalai-lv1-seunghye/lv1_module2/ros2_ws/install/turtle_py/lib/python3.10/site-packages/turtle_py-0.0.0-py3.10.egg-info
[0.615s] running install_scripts
[0.624s] Installing distance_pub script to /home/pa21/seunghye/physicalai-lv1-seunghye/lv1_module2/ros2_ws/install/turtle_py/lib/turtle_py
[0.624s] Installing distance_sub script to /home/pa21/seunghye/physicalai-lv1-seunghye/lv1_module2/ros2_ws/install/turtle_py/lib/turtle_py
[0.624s] Installing square_driver script to /home/pa21/seunghye/physicalai-lv1-seunghye/lv1_module2/ros2_ws/install/turtle_py/lib/turtle_py
[0.624s] writing list of installed files to '/home/pa21/seunghye/physicalai-lv1-seunghye/lv1_module2/ros2_ws/build/turtle_py/install.log'
[0.634s] Invoked command in '/home/pa21/seunghye/physicalai-lv1-seunghye/lv1_module2/ros2_ws/src/turtle_py' returned '0': PYTHONPATH=/home/pa21/seunghye/physicalai-lv1-seunghye/lv1_module2/ros2_ws/build/turtle_py/prefix_override:/usr/lib/python3/dist-packages/colcon_core/task/python/colcon_distutils_commands:/home/pa21/seunghye/physicalai-lv1-seunghye/lv1_module2/ros2_ws/install/turtle_py/lib/python3.10/site-packages:${PYTHONPATH} /usr/bin/python3 -W ignore:setup.py install is deprecated -W ignore:easy_install command is deprecated setup.py egg_info --egg-base ../../build/turtle_py build --build-base /home/pa21/seunghye/physicalai-lv1-seunghye/lv1_module2/ros2_ws/build/turtle_py/build install --record /home/pa21/seunghye/physicalai-lv1-seunghye/lv1_module2/ros2_ws/build/turtle_py/install.log --install-scripts $base/lib/turtle_py --single-version-externally-managed install_data --force
