[0.048s] DEBUG:colcon:Command line arguments: ['/usr/bin/colcon', 'build', '--packages-select', 'turtle_cpp']
[0.048s] DEBUG:colcon:Parsed command line arguments: Namespace(log_base=None, log_level=None, verb_name='build', build_base='build', install_base='install', merge_install=False, symlink_install=False, test_result_base=None, continue_on_error=False, executor='parallel', parallel_workers=24, event_handlers=None, ignore_user_meta=False, metas=['./colcon.meta'], base_paths=['.'], packages_ignore=None, packages_ignore_regex=None, paths=None, packages_up_to=None, packages_up_to_regex=None, packages_above=None, packages_above_and_dependencies=None, packages_above_depth=None, packages_select_by_dep=None, packages_skip_by_dep=None, packages_skip_up_to=None, packages_select_build_failed=False, packages_skip_build_finished=False, packages_select_test_failures=False, packages_skip_test_passed=False, packages_select=['turtle_cpp'], packages_skip=None, packages_select_regex=None, packages_skip_regex=None, packages_start=None, packages_end=None, allow_overriding=[], cmake_args=None, cmake_target=None, cmake_target_skip_unavailable=False, cmake_clean_cache=False, cmake_clean_first=False, cmake_force_configure=False, ament_cmake_args=None, catkin_cmake_args=None, catkin_skip_building_tests=False, mixin_files=None, mixin=None, verb_parser=<colcon_mixin.mixin.mixin_argument.MixinArgumentDecorator object at 0x72e2e348a4a0>, verb_extension=<colcon_core.verb.build.BuildVerb object at 0x72e2e3583cd0>, main=<bound method BuildVerb.main of <colcon_core.verb.build.BuildVerb object at 0x72e2e3583cd0>>, mixin_verb=('build',))
[0.122s] Level 1:colcon.colcon_core.package_discovery:discover_packages(colcon_meta) check parameters
[0.122s] Level 1:colcon.colcon_core.package_discovery:discover_packages(recursive) check parameters
[0.122s] Level 1:colcon.colcon_core.package_discovery:discover_packages(ignore) check parameters
[0.122s] Level 1:colcon.colcon_core.package_discovery:discover_packages(path) check parameters
[0.122s] Level 1:colcon.colcon_core.package_discovery:discover_packages(colcon_meta) discover
[0.122s] Level 1:colcon.colcon_core.package_discovery:discover_packages(recursive) discover
[0.122s] INFO:colcon.colcon_core.package_discovery:Crawling recursively for packages in '/home/pa21/seunghye/physicalai-lv1-seunghye/lv1_module2/ros2_ws'
[0.122s] Level 1:colcon.colcon_core.package_identification:_identify(.) by extensions ['ignore', 'ignore_ament_install']
[0.122s] Level 1:colcon.colcon_core.package_identification:_identify(.) by extension 'ignore'
[0.122s] Level 1:colcon.colcon_core.package_identification:_identify(.) by extension 'ignore_ament_install'
[0.122s] Level 1:colcon.colcon_core.package_identification:_identify(.) by extensions ['colcon_pkg']
[0.122s] Level 1:colcon.colcon_core.package_identification:_identify(.) by extension 'colcon_pkg'
[0.123s] Level 1:colcon.colcon_core.package_identification:_identify(.) by extensions ['colcon_meta']
[0.123s] Level 1:colcon.colcon_core.package_identification:_identify(.) by extension 'colcon_meta'
[0.123s] Level 1:colcon.colcon_core.package_identification:_identify(.) by extensions ['ros']
[0.123s] Level 1:colcon.colcon_core.package_identification:_identify(.) by extension 'ros'
[0.142s] Level 1:colcon.colcon_core.package_identification:_identify(.) by extensions ['cmake', 'python']
[0.142s] Level 1:colcon.colcon_core.package_identification:_identify(.) by extension 'cmake'
[0.142s] Level 1:colcon.colcon_core.package_identification:_identify(.) by extension 'python'
[0.142s] Level 1:colcon.colcon_core.package_identification:_identify(.) by extensions ['python_setup_py']
[0.142s] Level 1:colcon.colcon_core.package_identification:_identify(.) by extension 'python_setup_py'
[0.142s] Level 1:colcon.colcon_core.package_identification:_identify(build) by extensions ['ignore', 'ignore_ament_install']
[0.142s] Level 1:colcon.colcon_core.package_identification:_identify(build) by extension 'ignore'
[0.142s] Level 1:colcon.colcon_core.package_identification:_identify(build) ignored
[0.142s] Level 1:colcon.colcon_core.package_identification:_identify(install) by extensions ['ignore', 'ignore_ament_install']
[0.142s] Level 1:colcon.colcon_core.package_identification:_identify(install) by extension 'ignore'
[0.142s] Level 1:colcon.colcon_core.package_identification:_identify(install) ignored
[0.142s] Level 1:colcon.colcon_core.package_identification:_identify(log) by extensions ['ignore', 'ignore_ament_install']
[0.142s] Level 1:colcon.colcon_core.package_identification:_identify(log) by extension 'ignore'
[0.142s] Level 1:colcon.colcon_core.package_identification:_identify(log) ignored
[0.142s] Level 1:colcon.colcon_core.package_identification:_identify(src) by extensions ['ignore', 'ignore_ament_install']
[0.142s] Level 1:colcon.colcon_core.package_identification:_identify(src) by extension 'ignore'
[0.142s] Level 1:colcon.colcon_core.package_identification:_identify(src) by extension 'ignore_ament_install'
[0.142s] Level 1:colcon.colcon_core.package_identification:_identify(src) by extensions ['colcon_pkg']
[0.142s] Level 1:colcon.colcon_core.package_identification:_identify(src) by extension 'colcon_pkg'
[0.142s] Level 1:colcon.colcon_core.package_identification:_identify(src) by extensions ['colcon_meta']
[0.142s] Level 1:colcon.colcon_core.package_identification:_identify(src) by extension 'colcon_meta'
[0.142s] Level 1:colcon.colcon_core.package_identification:_identify(src) by extensions ['ros']
[0.142s] Level 1:colcon.colcon_core.package_identification:_identify(src) by extension 'ros'
[0.142s] Level 1:colcon.colcon_core.package_identification:_identify(src) by extensions ['cmake', 'python']
[0.142s] Level 1:colcon.colcon_core.package_identification:_identify(src) by extension 'cmake'
[0.142s] Level 1:colcon.colcon_core.package_identification:_identify(src) by extension 'python'
[0.142s] Level 1:colcon.colcon_core.package_identification:_identify(src) by extensions ['python_setup_py']
[0.142s] Level 1:colcon.colcon_core.package_identification:_identify(src) by extension 'python_setup_py'
[0.142s] Level 1:colcon.colcon_core.package_identification:_identify(src/turtle_cpp) by extensions ['ignore', 'ignore_ament_install']
[0.142s] Level 1:colcon.colcon_core.package_identification:_identify(src/turtle_cpp) by extension 'ignore'
[0.142s] Level 1:colcon.colcon_core.package_identification:_identify(src/turtle_cpp) by extension 'ignore_ament_install'
[0.142s] Level 1:colcon.colcon_core.package_identification:_identify(src/turtle_cpp) by extensions ['colcon_pkg']
[0.142s] Level 1:colcon.colcon_core.package_identification:_identify(src/turtle_cpp) by extension 'colcon_pkg'
[0.142s] Level 1:colcon.colcon_core.package_identification:_identify(src/turtle_cpp) by extensions ['colcon_meta']
[0.142s] Level 1:colcon.colcon_core.package_identification:_identify(src/turtle_cpp) by extension 'colcon_meta'
[0.142s] Level 1:colcon.colcon_core.package_identification:_identify(src/turtle_cpp) by extensions ['ros']
[0.142s] Level 1:colcon.colcon_core.package_identification:_identify(src/turtle_cpp) by extension 'ros'
[0.144s] DEBUG:colcon.colcon_core.package_identification:Package 'src/turtle_cpp' with type 'ros.ament_cmake' and name 'turtle_cpp'
[0.144s] Level 1:colcon.colcon_core.package_identification:_identify(src/turtle_interfaces) by extensions ['ignore', 'ignore_ament_install']
[0.144s] Level 1:colcon.colcon_core.package_identification:_identify(src/turtle_interfaces) by extension 'ignore'
[0.144s] Level 1:colcon.colcon_core.package_identification:_identify(src/turtle_interfaces) by extension 'ignore_ament_install'
[0.144s] Level 1:colcon.colcon_core.package_identification:_identify(src/turtle_interfaces) by extensions ['colcon_pkg']
[0.144s] Level 1:colcon.colcon_core.package_identification:_identify(src/turtle_interfaces) by extension 'colcon_pkg'
[0.144s] Level 1:colcon.colcon_core.package_identification:_identify(src/turtle_interfaces) by extensions ['colcon_meta']
[0.144s] Level 1:colcon.colcon_core.package_identification:_identify(src/turtle_interfaces) by extension 'colcon_meta'
[0.144s] Level 1:colcon.colcon_core.package_identification:_identify(src/turtle_interfaces) by extensions ['ros']
[0.144s] Level 1:colcon.colcon_core.package_identification:_identify(src/turtle_interfaces) by extension 'ros'
[0.144s] Level 1:colcon.colcon_core.package_identification:_identify(src/turtle_interfaces) by extensions ['cmake', 'python']
[0.144s] Level 1:colcon.colcon_core.package_identification:_identify(src/turtle_interfaces) by extension 'cmake'
[0.144s] Level 1:colcon.colcon_core.package_identification:_identify(src/turtle_interfaces) by extension 'python'
[0.144s] Level 1:colcon.colcon_core.package_identification:_identify(src/turtle_interfaces) by extensions ['python_setup_py']
[0.144s] Level 1:colcon.colcon_core.package_identification:_identify(src/turtle_interfaces) by extension 'python_setup_py'
[0.145s] Level 1:colcon.colcon_core.package_identification:_identify(src/turtle_py) by extensions ['ignore', 'ignore_ament_install']
[0.145s] Level 1:colcon.colcon_core.package_identification:_identify(src/turtle_py) by extension 'ignore'
[0.145s] Level 1:colcon.colcon_core.package_identification:_identify(src/turtle_py) by extension 'ignore_ament_install'
[0.145s] Level 1:colcon.colcon_core.package_identification:_identify(src/turtle_py) by extensions ['colcon_pkg']
[0.145s] Level 1:colcon.colcon_core.package_identification:_identify(src/turtle_py) by extension 'colcon_pkg'
[0.145s] Level 1:colcon.colcon_core.package_identification:_identify(src/turtle_py) by extensions ['colcon_meta']
[0.145s] Level 1:colcon.colcon_core.package_identification:_identify(src/turtle_py) by extension 'colcon_meta'
[0.145s] Level 1:colcon.colcon_core.package_identification:_identify(src/turtle_py) by extensions ['ros']
[0.145s] Level 1:colcon.colcon_core.package_identification:_identify(src/turtle_py) by extension 'ros'
[0.145s] DEBUG:colcon.colcon_core.package_identification:Package 'src/turtle_py' with type 'ros.ament_python' and name 'turtle_py'
[0.145s] Level 1:colcon.colcon_core.package_discovery:discover_packages(recursive) using defaults
[0.145s] Level 1:colcon.colcon_core.package_discovery:discover_packages(ignore) discover
[0.145s] Level 1:colcon.colcon_core.package_discovery:discover_packages(ignore) using defaults
[0.145s] Level 1:colcon.colcon_core.package_discovery:discover_packages(path) discover
[0.145s] Level 1:colcon.colcon_core.package_discovery:discover_packages(path) using defaults
[0.155s] INFO:colcon.colcon_core.package_selection:Skipping not selected package 'turtle_py' in 'src/turtle_py'
[0.155s] Level 1:colcon.colcon_core.package_discovery:discover_packages(prefix_path) check parameters
[0.155s] Level 1:colcon.colcon_core.package_discovery:discover_packages(prefix_path) discover
[0.156s] DEBUG:colcon.colcon_installed_package_information.package_discovery:Found 2 installed packages in /home/pa21/seunghye/physicalai-lv1-seunghye/lv1_module2/ros2_ws/install
[0.156s] DEBUG:colcon.colcon_installed_package_information.package_discovery:Found 16 installed packages in /home/pa21/turtlebot3_ws/install
[0.157s] DEBUG:colcon.colcon_installed_package_information.package_discovery:Found 372 installed packages in /opt/ros/humble
[0.158s] Level 1:colcon.colcon_core.package_discovery:discover_packages(prefix_path) using defaults
[0.178s] Level 5:colcon.colcon_core.verb:set package 'turtle_cpp' build argument 'cmake_args' from command line to 'None'
[0.178s] Level 5:colcon.colcon_core.verb:set package 'turtle_cpp' build argument 'cmake_target' from command line to 'None'
[0.178s] Level 5:colcon.colcon_core.verb:set package 'turtle_cpp' build argument 'cmake_target_skip_unavailable' from command line to 'False'
[0.178s] Level 5:colcon.colcon_core.verb:set package 'turtle_cpp' build argument 'cmake_clean_cache' from command line to 'False'
[0.178s] Level 5:colcon.colcon_core.verb:set package 'turtle_cpp' build argument 'cmake_clean_first' from command line to 'False'
[0.178s] Level 5:colcon.colcon_core.verb:set package 'turtle_cpp' build argument 'cmake_force_configure' from command line to 'False'
[0.178s] Level 5:colcon.colcon_core.verb:set package 'turtle_cpp' build argument 'ament_cmake_args' from command line to 'None'
[0.178s] Level 5:colcon.colcon_core.verb:set package 'turtle_cpp' build argument 'catkin_cmake_args' from command line to 'None'
[0.178s] Level 5:colcon.colcon_core.verb:set package 'turtle_cpp' build argument 'catkin_skip_building_tests' from command line to 'False'
[0.178s] DEBUG:colcon.colcon_core.verb:Building package 'turtle_cpp' with the following arguments: {'ament_cmake_args': None, 'build_base': '/home/pa21/seunghye/physicalai-lv1-seunghye/lv1_module2/ros2_ws/build/turtle_cpp', 'catkin_cmake_args': None, 'catkin_skip_building_tests': False, 'cmake_args': None, 'cmake_clean_cache': False, 'cmake_clean_first': False, 'cmake_force_configure': False, 'cmake_target': None, 'cmake_target_skip_unavailable': False, 'install_base': '/home/pa21/seunghye/physicalai-lv1-seunghye/lv1_module2/ros2_ws/install/turtle_cpp', 'merge_install': False, 'path': '/home/pa21/seunghye/physicalai-lv1-seunghye/lv1_module2/ros2_ws/src/turtle_cpp', 'symlink_install': False, 'test_result_base': None}
[0.178s] INFO:colcon.colcon_core.executor:Executing jobs using 'parallel' executor
[0.179s] DEBUG:colcon.colcon_parallel_executor.executor.parallel:run_until_complete
[0.179s] INFO:colcon.colcon_ros.task.ament_cmake.build:Building ROS package in '/home/pa21/seunghye/physicalai-lv1-seunghye/lv1_module2/ros2_ws/src/turtle_cpp' with build type 'ament_cmake'
[0.179s] INFO:colcon.colcon_cmake.task.cmake.build:Building CMake package in '/home/pa21/seunghye/physicalai-lv1-seunghye/lv1_module2/ros2_ws/src/turtle_cpp'
[0.180s] INFO:colcon.colcon_core.plugin_system:Skipping extension 'colcon_core.shell.bat': Not used on non-Windows systems
[0.180s] INFO:colcon.colcon_core.shell:Skip shell extension 'powershell' for command environment: Not usable outside of PowerShell
[0.180s] DEBUG:colcon.colcon_core.shell:Skip shell extension 'dsv' for command environment
[0.186s] DEBUG:colcon.colcon_core.event_handler.log_command:Invoking command in '/home/pa21/seunghye/physicalai-lv1-seunghye/lv1_module2/ros2_ws/build/turtle_cpp': CMAKE_PREFIX_PATH=${CMAKE_PREFIX_PATH}:/home/pa21/seunghye/physicalai-lv1-seunghye/lv1_module2/ros2_ws/install/turtle_py:/home/pa21/turtlebot3_ws/install/turtlebot3_teleop:/home/pa21/turtlebot3_ws/install/turtlebot3_example:/opt/ros/humble /usr/bin/cmake --build /home/pa21/seunghye/physicalai-lv1-seunghye/lv1_module2/ros2_ws/build/turtle_cpp -- -j24 -l24
[4.253s] DEBUG:colcon.colcon_core.event_handler.log_command:Invoked command in '/home/pa21/seunghye/physicalai-lv1-seunghye/lv1_module2/ros2_ws/build/turtle_cpp' returned '0': CMAKE_PREFIX_PATH=${CMAKE_PREFIX_PATH}:/home/pa21/seunghye/physicalai-lv1-seunghye/lv1_module2/ros2_ws/install/turtle_py:/home/pa21/turtlebot3_ws/install/turtlebot3_teleop:/home/pa21/turtlebot3_ws/install/turtlebot3_example:/opt/ros/humble /usr/bin/cmake --build /home/pa21/seunghye/physicalai-lv1-seunghye/lv1_module2/ros2_ws/build/turtle_cpp -- -j24 -l24
[4.259s] DEBUG:colcon.colcon_core.event_handler.log_command:Invoking command in '/home/pa21/seunghye/physicalai-lv1-seunghye/lv1_module2/ros2_ws/build/turtle_cpp': CMAKE_PREFIX_PATH=${CMAKE_PREFIX_PATH}:/home/pa21/seunghye/physicalai-lv1-seunghye/lv1_module2/ros2_ws/install/turtle_py:/home/pa21/turtlebot3_ws/install/turtlebot3_teleop:/home/pa21/turtlebot3_ws/install/turtlebot3_example:/opt/ros/humble /usr/bin/cmake --install /home/pa21/seunghye/physicalai-lv1-seunghye/lv1_module2/ros2_ws/build/turtle_cpp
[4.267s] Level 1:colcon.colcon_core.environment:create_environment_scripts_only(turtle_cpp)
[4.268s] Level 1:colcon.colcon_core.environment:checking '/home/pa21/seunghye/physicalai-lv1-seunghye/lv1_module2/ros2_ws/install/turtle_cpp' for CMake module files
[4.268s] Level 1:colcon.colcon_core.environment:checking '/home/pa21/seunghye/physicalai-lv1-seunghye/lv1_module2/ros2_ws/install/turtle_cpp' for CMake config files
[4.268s] Level 1:colcon.colcon_core.shell:create_environment_hook('turtle_cpp', 'cmake_prefix_path')
[4.269s] INFO:colcon.colcon_core.shell:Creating environment hook '/home/pa21/seunghye/physicalai-lv1-seunghye/lv1_module2/ros2_ws/install/turtle_cpp/share/turtle_cpp/hook/cmake_prefix_path.ps1'
[4.269s] INFO:colcon.colcon_core.shell:Creating environment descriptor '/home/pa21/seunghye/physicalai-lv1-seunghye/lv1_module2/ros2_ws/install/turtle_cpp/share/turtle_cpp/hook/cmake_prefix_path.dsv'
[4.269s] INFO:colcon.colcon_core.shell:Creating environment hook '/home/pa21/seunghye/physicalai-lv1-seunghye/lv1_module2/ros2_ws/install/turtle_cpp/share/turtle_cpp/hook/cmake_prefix_path.sh'
[4.269s] Level 1:colcon.colcon_core.environment:checking '/home/pa21/seunghye/physicalai-lv1-seunghye/lv1_module2/ros2_ws/install/turtle_cpp/lib'
[4.269s] Level 1:colcon.colcon_core.environment:checking '/home/pa21/seunghye/physicalai-lv1-seunghye/lv1_module2/ros2_ws/install/turtle_cpp/bin'
[4.269s] Level 1:colcon.colcon_core.environment:checking '/home/pa21/seunghye/physicalai-lv1-seunghye/lv1_module2/ros2_ws/install/turtle_cpp/lib/pkgconfig/turtle_cpp.pc'
[4.270s] Level 1:colcon.colcon_core.environment:checking '/home/pa21/seunghye/physicalai-lv1-seunghye/lv1_module2/ros2_ws/install/turtle_cpp/lib/python3.10/site-packages'
[4.270s] Level 1:colcon.colcon_core.environment:checking '/home/pa21/seunghye/physicalai-lv1-seunghye/lv1_module2/ros2_ws/install/turtle_cpp/bin'
[4.270s] INFO:colcon.colcon_core.shell:Creating package script '/home/pa21/seunghye/physicalai-lv1-seunghye/lv1_module2/ros2_ws/install/turtle_cpp/share/turtle_cpp/package.ps1'
[4.270s] INFO:colcon.colcon_core.shell:Creating package descriptor '/home/pa21/seunghye/physicalai-lv1-seunghye/lv1_module2/ros2_ws/install/turtle_cpp/share/turtle_cpp/package.dsv'
[4.271s] DEBUG:colcon.colcon_core.event_handler.log_command:Invoked command in '/home/pa21/seunghye/physicalai-lv1-seunghye/lv1_module2/ros2_ws/build/turtle_cpp' returned '0': CMAKE_PREFIX_PATH=${CMAKE_PREFIX_PATH}:/home/pa21/seunghye/physicalai-lv1-seunghye/lv1_module2/ros2_ws/install/turtle_py:/home/pa21/turtlebot3_ws/install/turtlebot3_teleop:/home/pa21/turtlebot3_ws/install/turtlebot3_example:/opt/ros/humble /usr/bin/cmake --install /home/pa21/seunghye/physicalai-lv1-seunghye/lv1_module2/ros2_ws/build/turtle_cpp
[4.271s] INFO:colcon.colcon_core.shell:Creating package script '/home/pa21/seunghye/physicalai-lv1-seunghye/lv1_module2/ros2_ws/install/turtle_cpp/share/turtle_cpp/package.sh'
[4.271s] INFO:colcon.colcon_core.shell:Creating package script '/home/pa21/seunghye/physicalai-lv1-seunghye/lv1_module2/ros2_ws/install/turtle_cpp/share/turtle_cpp/package.bash'
[4.271s] INFO:colcon.colcon_core.shell:Creating package script '/home/pa21/seunghye/physicalai-lv1-seunghye/lv1_module2/ros2_ws/install/turtle_cpp/share/turtle_cpp/package.zsh'
[4.271s] Level 1:colcon.colcon_core.environment:create_file_with_runtime_dependencies(/home/pa21/seunghye/physicalai-lv1-seunghye/lv1_module2/ros2_ws/install/turtle_cpp/share/colcon-core/packages/turtle_cpp)
[4.272s] Level 1:colcon.colcon_core.environment:create_environment_scripts_only(turtle_cpp)
[4.272s] Level 1:colcon.colcon_core.environment:checking '/home/pa21/seunghye/physicalai-lv1-seunghye/lv1_module2/ros2_ws/install/turtle_cpp' for CMake module files
[4.272s] Level 1:colcon.colcon_core.environment:checking '/home/pa21/seunghye/physicalai-lv1-seunghye/lv1_module2/ros2_ws/install/turtle_cpp' for CMake config files
[4.272s] Level 1:colcon.colcon_core.shell:create_environment_hook('turtle_cpp', 'cmake_prefix_path')
[4.272s] INFO:colcon.colcon_core.shell:Creating environment hook '/home/pa21/seunghye/physicalai-lv1-seunghye/lv1_module2/ros2_ws/install/turtle_cpp/share/turtle_cpp/hook/cmake_prefix_path.ps1'
[4.272s] INFO:colcon.colcon_core.shell:Creating environment descriptor '/home/pa21/seunghye/physicalai-lv1-seunghye/lv1_module2/ros2_ws/install/turtle_cpp/share/turtle_cpp/hook/cmake_prefix_path.dsv'
[4.272s] INFO:colcon.colcon_core.shell:Creating environment hook '/home/pa21/seunghye/physicalai-lv1-seunghye/lv1_module2/ros2_ws/install/turtle_cpp/share/turtle_cpp/hook/cmake_prefix_path.sh'
[4.272s] Level 1:colcon.colcon_core.environment:checking '/home/pa21/seunghye/physicalai-lv1-seunghye/lv1_module2/ros2_ws/install/turtle_cpp/lib'
[4.272s] Level 1:colcon.colcon_core.environment:checking '/home/pa21/seunghye/physicalai-lv1-seunghye/lv1_module2/ros2_ws/install/turtle_cpp/bin'
[4.272s] Level 1:colcon.colcon_core.environment:checking '/home/pa21/seunghye/physicalai-lv1-seunghye/lv1_module2/ros2_ws/install/turtle_cpp/lib/pkgconfig/turtle_cpp.pc'
[4.273s] Level 1:colcon.colcon_core.environment:checking '/home/pa21/seunghye/physicalai-lv1-seunghye/lv1_module2/ros2_ws/install/turtle_cpp/lib/python3.10/site-packages'
[4.273s] Level 1:colcon.colcon_core.environment:checking '/home/pa21/seunghye/physicalai-lv1-seunghye/lv1_module2/ros2_ws/install/turtle_cpp/bin'
[4.273s] INFO:colcon.colcon_core.shell:Creating package script '/home/pa21/seunghye/physicalai-lv1-seunghye/lv1_module2/ros2_ws/install/turtle_cpp/share/turtle_cpp/package.ps1'
[4.273s] INFO:colcon.colcon_core.shell:Creating package descriptor '/home/pa21/seunghye/physicalai-lv1-seunghye/lv1_module2/ros2_ws/install/turtle_cpp/share/turtle_cpp/package.dsv'
[4.273s] INFO:colcon.colcon_core.shell:Creating package script '/home/pa21/seunghye/physicalai-lv1-seunghye/lv1_module2/ros2_ws/install/turtle_cpp/share/turtle_cpp/package.sh'
[4.273s] INFO:colcon.colcon_core.shell:Creating package script '/home/pa21/seunghye/physicalai-lv1-seunghye/lv1_module2/ros2_ws/install/turtle_cpp/share/turtle_cpp/package.bash'
[4.273s] INFO:colcon.colcon_core.shell:Creating package script '/home/pa21/seunghye/physicalai-lv1-seunghye/lv1_module2/ros2_ws/install/turtle_cpp/share/turtle_cpp/package.zsh'
[4.274s] Level 1:colcon.colcon_core.environment:create_file_with_runtime_dependencies(/home/pa21/seunghye/physicalai-lv1-seunghye/lv1_module2/ros2_ws/install/turtle_cpp/share/colcon-core/packages/turtle_cpp)
[4.274s] DEBUG:colcon.colcon_parallel_executor.executor.parallel:closing loop
[4.274s] DEBUG:colcon.colcon_parallel_executor.executor.parallel:loop closed
[4.274s] DEBUG:colcon.colcon_parallel_executor.executor.parallel:run_until_complete finished with '0'
[4.274s] DEBUG:colcon.colcon_core.event_reactor:joining thread
[4.277s] INFO:colcon.colcon_core.plugin_system:Skipping extension 'colcon_notification.desktop_notification.terminal_notifier': Not used on non-Darwin systems
[4.277s] INFO:colcon.colcon_core.plugin_system:Skipping extension 'colcon_notification.desktop_notification.win32': Not used on non-Windows systems
[4.277s] INFO:colcon.colcon_notification.desktop_notification:Sending desktop notification using 'notify2'
[4.285s] DEBUG:colcon.colcon_core.event_reactor:joined thread
[4.285s] INFO:colcon.colcon_core.shell:Creating prefix script '/home/pa21/seunghye/physicalai-lv1-seunghye/lv1_module2/ros2_ws/install/local_setup.ps1'
[4.286s] INFO:colcon.colcon_core.shell:Creating prefix util module '/home/pa21/seunghye/physicalai-lv1-seunghye/lv1_module2/ros2_ws/install/_local_setup_util_ps1.py'
[4.288s] INFO:colcon.colcon_core.shell:Creating prefix chain script '/home/pa21/seunghye/physicalai-lv1-seunghye/lv1_module2/ros2_ws/install/setup.ps1'
[4.289s] INFO:colcon.colcon_core.shell:Creating prefix script '/home/pa21/seunghye/physicalai-lv1-seunghye/lv1_module2/ros2_ws/install/local_setup.sh'
[4.289s] INFO:colcon.colcon_core.shell:Creating prefix util module '/home/pa21/seunghye/physicalai-lv1-seunghye/lv1_module2/ros2_ws/install/_local_setup_util_sh.py'
[4.289s] INFO:colcon.colcon_core.shell:Creating prefix chain script '/home/pa21/seunghye/physicalai-lv1-seunghye/lv1_module2/ros2_ws/install/setup.sh'
[4.290s] INFO:colcon.colcon_core.shell:Creating prefix script '/home/pa21/seunghye/physicalai-lv1-seunghye/lv1_module2/ros2_ws/install/local_setup.bash'
[4.290s] INFO:colcon.colcon_core.shell:Creating prefix chain script '/home/pa21/seunghye/physicalai-lv1-seunghye/lv1_module2/ros2_ws/install/setup.bash'
[4.291s] INFO:colcon.colcon_core.shell:Creating prefix script '/home/pa21/seunghye/physicalai-lv1-seunghye/lv1_module2/ros2_ws/install/local_setup.zsh'
[4.291s] INFO:colcon.colcon_core.shell:Creating prefix chain script '/home/pa21/seunghye/physicalai-lv1-seunghye/lv1_module2/ros2_ws/install/setup.zsh'
