[0.307s] Invoking command in '/home/pa21/seunghye/physicalai-lv1-seunghye/lv1_module2/ros2_ws/src/turtle_py': PYTHONPATH=/home/pa21/seunghye/physicalai-lv1-seunghye/lv1_module2/ros2_ws/build/turtle_py/prefix_override:/usr/lib/python3/dist-packages/colcon_core/task/python/colcon_distutils_commands:/home/pa21/seunghye/physicalai-lv1-seunghye/lv1_module2/ros2_ws/install/turtle_py/lib/python3.10/site-packages:${PYTHONPATH} /usr/bin/python3 -W ignore:setup.py install is deprecated -W ignore:easy_install command is deprecated setup.py egg_info --egg-base ../../build/turtle_py build --build-base /home/pa21/seunghye/physicalai-lv1-seunghye/lv1_module2/ros2_ws/build/turtle_py/build install --record /home/pa21/seunghye/physicalai-lv1-seunghye/lv1_module2/ros2_ws/build/turtle_py/install.log --install-scripts $base/lib/turtle_py --single-version-externally-managed install_data
[0.410s] running egg_info
[0.410s] writing ../../build/turtle_py/turtle_py.egg-info/PKG-INFO
[0.410s] writing dependency_links to ../../build/turtle_py/turtle_py.egg-info/dependency_links.txt
[0.410s] writing entry points to ../../build/turtle_py/turtle_py.egg-info/entry_points.txt
[0.410s] writing requirements to ../../build/turtle_py/turtle_py.egg-info/requires.txt
[0.410s] writing top-level names to ../../build/turtle_py/turtle_py.egg-info/top_level.txt
[0.411s] reading manifest file '../../build/turtle_py/turtle_py.egg-info/SOURCES.txt'
[0.412s] writing manifest file '../../build/turtle_py/turtle_py.egg-info/SOURCES.txt'
[0.412s] running build
[0.412s] running build_py
[0.412s] copying turtle_py/distance_publisher.py -> /home/pa21/seunghye/physicalai-lv1-seunghye/lv1_module2/ros2_ws/build/turtle_py/build/lib/turtle_py
[0.412s] running install
[0.412s] running install_lib
[0.413s] copying /home/pa21/seunghye/physicalai-lv1-seunghye/lv1_module2/ros2_ws/build/turtle_py/build/lib/turtle_py/distance_publisher.py -> /home/pa21/seunghye/physicalai-lv1-seunghye/lv1_module2/ros2_ws/install/turtle_py/lib/python3.10/site-packages/turtle_py
[0.413s] byte-compiling /home/pa21/seunghye/physicalai-lv1-seunghye/lv1_module2/ros2_ws/install/turtle_py/lib/python3.10/site-packages/turtle_py/distance_publisher.py to distance_publisher.cpython-310.pyc
[0.413s] running install_data
[0.413s] running install_egg_info
[0.414s] removing '/home/pa21/seunghye/physicalai-lv1-seunghye/lv1_module2/ros2_ws/install/turtle_py/lib/python3.10/site-packages/turtle_py-0.0.0-py3.10.egg-info' (and everything under it)
[0.414s] Copying ../../build/turtle_py/turtle_py.egg-info to /home/pa21/seunghye/physicalai-lv1-seunghye/lv1_module2/ros2_ws/install/turtle_py/lib/python3.10/site-packages/turtle_py-0.0.0-py3.10.egg-info
[0.415s] running install_scripts
[0.425s] Installing distance_pub script to /home/pa21/seunghye/physicalai-lv1-seunghye/lv1_module2/ros2_ws/install/turtle_py/lib/turtle_py
[0.425s] Installing distance_sub script to /home/pa21/seunghye/physicalai-lv1-seunghye/lv1_module2/ros2_ws/install/turtle_py/lib/turtle_py
[0.425s] Installing square_driver script to /home/pa21/seunghye/physicalai-lv1-seunghye/lv1_module2/ros2_ws/install/turtle_py/lib/turtle_py
[0.425s] writing list of installed files to '/home/pa21/seunghye/physicalai-lv1-seunghye/lv1_module2/ros2_ws/build/turtle_py/install.log'
[0.437s] Invoked command in '/home/pa21/seunghye/physicalai-lv1-seunghye/lv1_module2/ros2_ws/src/turtle_py' returned '0': PYTHONPATH=/home/pa21/seunghye/physicalai-lv1-seunghye/lv1_module2/ros2_ws/build/turtle_py/prefix_override:/usr/lib/python3/dist-packages/colcon_core/task/python/colcon_distutils_commands:/home/pa21/seunghye/physicalai-lv1-seunghye/lv1_module2/ros2_ws/install/turtle_py/lib/python3.10/site-packages:${PYTHONPATH} /usr/bin/python3 -W ignore:setup.py install is deprecated -W ignore:easy_install command is deprecated setup.py egg_info --egg-base ../../build/turtle_py build --build-base /home/pa21/seunghye/physicalai-lv1-seunghye/lv1_module2/ros2_ws/build/turtle_py/build install --record /home/pa21/seunghye/physicalai-lv1-seunghye/lv1_module2/ros2_ws/build/turtle_py/install.log --install-scripts $base/lib/turtle_py --single-version-externally-managed install_data
