[0.006s] Invoking command in '/home/pa21/seunghye/physicalai-lv1-seunghye/lv1_module2/ros2_ws/build/turtle_cpp': CMAKE_PREFIX_PATH=${CMAKE_PREFIX_PATH}:/home/pa21/seunghye/physicalai-lv1-seunghye/lv1_module2/ros2_ws/install/turtle_py:/home/pa21/turtlebot3_ws/install/turtlebot3_teleop:/home/pa21/turtlebot3_ws/install/turtlebot3_example:/opt/ros/humble /usr/bin/cmake --build /home/pa21/seunghye/physicalai-lv1-seunghye/lv1_module2/ros2_ws/build/turtle_cpp -- -j24 -l24
[0.040s] [35m[1mConsolidate compiler generated dependencies of target turtle_distance_publisher[0m
[0.040s] [35m[1mConsolidate compiler generated dependencies of target turtle_distance_subscriber[0m
[0.053s] [ 25%] [32mBuilding CXX object CMakeFiles/turtle_distance_publisher.dir/src/turtle_distance_publisher.cpp.o[0m
[0.054s] [ 50%] [32mBuilding CXX object CMakeFiles/turtle_distance_subscriber.dir/src/turtle_distance_subscriber.cpp.o[0m
[1.264s] [01m[K/home/pa21/seunghye/physicalai-lv1-seunghye/lv1_module2/ros2_ws/src/turtle_cpp/src/turtle_distance_publisher.cpp:86:20:[m[K [01;31m[Kerror: [m[K‘[01m[Kchat[m[K’ has not been declared
[1.264s]    86 | int main(int argc, [01;31m[Kchat[m[K * argv[])
[1.264s]       |                    [01;31m[K^~~~[m[K
[1.264s] [01m[K/home/pa21/seunghye/physicalai-lv1-seunghye/lv1_module2/ros2_ws/src/turtle_cpp/src/turtle_distance_publisher.cpp:86:5:[m[K [01;35m[Kwarning: [m[Ksecond argument of ‘[01m[Kint main(int, int**)[m[K’ should be ‘[01m[Kchar **[m[K’ [[01;35m[K]8;;https://gcc.gnu.org/onlinedocs/gcc/Warning-Options.html#index-Wmain-Wmain]8;;[m[K]
[1.264s]    86 | int [01;35m[Kmain[m[K(int argc, chat * argv[])
[1.264s]       |     [01;35m[K^~~~[m[K
[1.264s] [01m[K/home/pa21/seunghye/physicalai-lv1-seunghye/lv1_module2/ros2_ws/src/turtle_cpp/src/turtle_distance_publisher.cpp:[m[K In function ‘[01m[Kint main(int, int**)[m[K’:
[1.264s] [01m[K/home/pa21/seunghye/physicalai-lv1-seunghye/lv1_module2/ros2_ws/src/turtle_cpp/src/turtle_distance_publisher.cpp:88:24:[m[K [01;31m[Kerror: [m[Kcannot convert ‘[01m[Kint**[m[K’ to ‘[01m[Kconst char* const*[m[K’
[1.264s]    88 |     rclcpp::init(argc, [01;31m[Kargv[m[K); // ROS2 C++ 시스템 초기화
[1.264s]       |                        [01;31m[K^~~~[m[K
[1.264s]       |                        [01;31m[K|[m[K
[1.264s]       |                        [01;31m[Kint**[m[K
[1.264s] In file included from [01m[K/opt/ros/humble/include/rclcpp/rclcpp/logging.hpp:25[m[K,
[1.264s]                  from [01m[K/opt/ros/humble/include/rclcpp/rclcpp/client.hpp:40[m[K,
[1.264s]                  from [01m[K/opt/ros/humble/include/rclcpp/rclcpp/callback_group.hpp:24[m[K,
[1.264s]                  from [01m[K/opt/ros/humble/include/rclcpp/rclcpp/any_executable.hpp:20[m[K,
[1.264s]                  from [01m[K/opt/ros/humble/include/rclcpp/rclcpp/memory_strategy.hpp:25[m[K,
[1.264s]                  from [01m[K/opt/ros/humble/include/rclcpp/rclcpp/memory_strategies.hpp:18[m[K,
[1.265s]                  from [01m[K/opt/ros/humble/include/rclcpp/rclcpp/executor_options.hpp:20[m[K,
[1.265s]                  from [01m[K/opt/ros/humble/include/rclcpp/rclcpp/executor.hpp:37[m[K,
[1.265s]                  from [01m[K/opt/ros/humble/include/rclcpp/rclcpp/executors/multi_threaded_executor.hpp:25[m[K,
[1.265s]                  from [01m[K/opt/ros/humble/include/rclcpp/rclcpp/executors.hpp:21[m[K,
[1.265s]                  from [01m[K/opt/ros/humble/include/rclcpp/rclcpp/rclcpp.hpp:155[m[K,
[1.265s]                  from [01m[K/home/pa21/seunghye/physicalai-lv1-seunghye/lv1_module2/ros2_ws/src/turtle_cpp/src/turtle_distance_publisher.cpp:3[m[K:
[1.265s] [01m[K/opt/ros/humble/include/rclcpp/rclcpp/utilities.hpp:77:24:[m[K [01;36m[Knote: [m[K  initializing argument 2 of ‘[01m[Kvoid rclcpp::init(int, const char* const*, const rclcpp::InitOptions&, rclcpp::SignalHandlerOptions)[m[K’
[1.265s]    77 |   [01;36m[Kchar const * const * argv[m[K,
[1.265s]       |   [01;36m[K~~~~~~~~~~~~~~~~~~~~~^~~~[m[K
[2.569s] gmake[2]: *** [CMakeFiles/turtle_distance_publisher.dir/build.make:76: CMakeFiles/turtle_distance_publisher.dir/src/turtle_distance_publisher.cpp.o] 오류 1
[2.569s] gmake[1]: *** [CMakeFiles/Makefile2:139: CMakeFiles/turtle_distance_publisher.dir/all] 오류 2
[2.569s] gmake[1]: *** 끝나지 않은 작업을 기다리고 있습니다....
[3.868s] [ 75%] [32m[1mLinking CXX executable turtle_distance_subscriber[0m
[4.040s] [ 75%] Built target turtle_distance_subscriber
[4.040s] gmake: *** [Makefile:146: all] 오류 2
[4.042s] Invoked command in '/home/pa21/seunghye/physicalai-lv1-seunghye/lv1_module2/ros2_ws/build/turtle_cpp' returned '2': CMAKE_PREFIX_PATH=${CMAKE_PREFIX_PATH}:/home/pa21/seunghye/physicalai-lv1-seunghye/lv1_module2/ros2_ws/install/turtle_py:/home/pa21/turtlebot3_ws/install/turtlebot3_teleop:/home/pa21/turtlebot3_ws/install/turtlebot3_example:/opt/ros/humble /usr/bin/cmake --build /home/pa21/seunghye/physicalai-lv1-seunghye/lv1_module2/ros2_ws/build/turtle_cpp -- -j24 -l24
